// Jest Snapshot v1, https://goo.gl/fbAQLP

exports[`FeaturedBlog Component renders the UI as expected 1`] = `
<li
  className="FeaturedBlog BlogList__item"
>
  <a
    href="/blog/ck5dihtmc00003z5wdxct2ajt"
    onClick={[Function]}
  >
    <div
      className="FeaturedBlog__pic"
      style={
        Object {
          "backgroundImage": "url('https://picsum.photos/seed/three/450/255')",
        }
      }
    />
  </a>
  <a
    className="FeaturedBlog__title_link"
    href="/blog/ck5dihtmc00003z5wdxct2ajt"
    onClick={[Function]}
  >
    <h3
      className="FeaturedBlog__title"
    >
      A Long Article About the History of People Grooming Their Cats.
    </h3>
  </a>
  <div
    className="FeaturedBlog__date_and_length"
  >
    December 22, 2019 Â· 9 min read
  </div>
  <div
    className="FeaturedBlog__author"
  >
    Brandon Hutchison
  </div>
  <div
    className="FeaturedBlog__line"
  >
     
  </div>
</li>
`;
