// Jest Snapshot v1, https://goo.gl/fbAQLP

exports[`BlogList Component renders list items when context is passed in 1`] = `
<ul
  className="BlogList"
>
   
   
</ul>
`;

exports[`BlogList Component renders the UI as expected 1`] = `
<ul
  className="BlogList"
>
   
   
</ul>
`;
