// Jest Snapshot v1, https://goo.gl/fbAQLP

exports[`BlogNotFound Component renders the UI as expected 1`] = `
<main
  className="BlogNotFound"
>
  <header>
    <h2>
      Blog Not Found
    </h2>
  </header>
</main>
`;
